2025-03-28 16:40:06.5261|0|ERROR|FreteManager.Program|Exceção não tratada System.InvalidOperationException: Error while validating the service descriptor 'ServiceType: FreteManager.Services.IFreteService Lifetime: Scoped ImplementationType: FreteManager.Services.FreteService': Unable to resolve service for type 'Microsoft.Extensions.Caching.Memory.IMemoryCache' while attempting to activate 'FreteManager.Services.FreteService'.
 ---> System.InvalidOperationException: Unable to resolve service for type 'Microsoft.Extensions.Caching.Memory.IMemoryCache' while attempting to activate 'FreteManager.Services.FreteService'.
   at Microsoft.Extensions.DependencyInjection.ServiceLookup.CallSiteFactory.CreateArgumentCallSites(ServiceIdentifier serviceIdentifier, Type implementationType, CallSiteChain callSiteChain, ParameterInfo[] parameters, Boolean throwIfCallSiteNotFound)
   at Microsoft.Extensions.DependencyInjection.ServiceLookup.CallSiteFactory.CreateConstructorCallSite(ResultCache lifetime, ServiceIdentifier serviceIdentifier, Type implementationType, CallSiteChain callSiteChain)
   at Microsoft.Extensions.DependencyInjection.ServiceLookup.CallSiteFactory.TryCreateExact(ServiceDescriptor descriptor, ServiceIdentifier serviceIdentifier, CallSiteChain callSiteChain, Int32 slot)
   at Microsoft.Extensions.DependencyInjection.ServiceLookup.CallSiteFactory.GetCallSite(ServiceDescriptor serviceDescriptor, CallSiteChain callSiteChain)
   at Microsoft.Extensions.DependencyInjection.ServiceProvider.ValidateService(ServiceDescriptor descriptor)
   --- End of inner exception stack trace ---
   at Microsoft.Extensions.DependencyInjection.ServiceProvider.ValidateService(ServiceDescriptor descriptor)
   at Microsoft.Extensions.DependencyInjection.ServiceProvider..ctor(ICollection`1 serviceDescriptors, ServiceProviderOptions options)
2025-03-28 16:44:27.8046|0|WARN|Microsoft.EntityFrameworkCore.Model.Validation|No store type was specified for the decimal property 'ValorFrete' on entity type 'Pedido'. This will cause values to be silently truncated if they do not fit in the default precision and scale. Explicitly specify the SQL server column type that can accommodate all the values in 'OnModelCreating' using 'HasColumnType', specify precision and scale using 'HasPrecision', or configure a value converter using 'HasConversion'. 
2025-03-28 16:44:28.5364|0|INFO|Program|Conexão com banco de dados estabelecida com sucesso. 
2025-03-28 18:29:38.9539|0|WARN|Microsoft.EntityFrameworkCore.Model.Validation|No store type was specified for the decimal property 'Altura' on entity type 'Pacote'. This will cause values to be silently truncated if they do not fit in the default precision and scale. Explicitly specify the SQL server column type that can accommodate all the values in 'OnModelCreating' using 'HasColumnType', specify precision and scale using 'HasPrecision', or configure a value converter using 'HasConversion'. 
2025-03-28 18:29:39.0115|0|WARN|Microsoft.EntityFrameworkCore.Model.Validation|No store type was specified for the decimal property 'Comprimento' on entity type 'Pacote'. This will cause values to be silently truncated if they do not fit in the default precision and scale. Explicitly specify the SQL server column type that can accommodate all the values in 'OnModelCreating' using 'HasColumnType', specify precision and scale using 'HasPrecision', or configure a value converter using 'HasConversion'. 
2025-03-28 18:29:39.0115|0|WARN|Microsoft.EntityFrameworkCore.Model.Validation|No store type was specified for the decimal property 'Largura' on entity type 'Pacote'. This will cause values to be silently truncated if they do not fit in the default precision and scale. Explicitly specify the SQL server column type that can accommodate all the values in 'OnModelCreating' using 'HasColumnType', specify precision and scale using 'HasPrecision', or configure a value converter using 'HasConversion'. 
2025-03-28 18:29:39.0115|0|WARN|Microsoft.EntityFrameworkCore.Model.Validation|No store type was specified for the decimal property 'Peso' on entity type 'Pacote'. This will cause values to be silently truncated if they do not fit in the default precision and scale. Explicitly specify the SQL server column type that can accommodate all the values in 'OnModelCreating' using 'HasColumnType', specify precision and scale using 'HasPrecision', or configure a value converter using 'HasConversion'. 
2025-03-28 18:29:39.0115|0|WARN|Microsoft.EntityFrameworkCore.Model.Validation|No store type was specified for the decimal property 'ValorDeclarado' on entity type 'Pedido'. This will cause values to be silently truncated if they do not fit in the default precision and scale. Explicitly specify the SQL server column type that can accommodate all the values in 'OnModelCreating' using 'HasColumnType', specify precision and scale using 'HasPrecision', or configure a value converter using 'HasConversion'. 
2025-03-28 18:29:39.0115|0|WARN|Microsoft.EntityFrameworkCore.Model.Validation|No store type was specified for the decimal property 'ValorFrete' on entity type 'Pedido'. This will cause values to be silently truncated if they do not fit in the default precision and scale. Explicitly specify the SQL server column type that can accommodate all the values in 'OnModelCreating' using 'HasColumnType', specify precision and scale using 'HasPrecision', or configure a value converter using 'HasConversion'. 
2025-03-28 18:29:39.8788|0|INFO|Program|Conexão com banco de dados estabelecida com sucesso. 
2025-03-28 18:30:34.5070|0|INFO|FreteManager.Controllers.AuthController|Login bem-sucedido: adr@adr.com 
2025-03-28 18:53:02.8295|0|INFO|System.Net.Http.HttpClient.IFreteService.LogicalHandler|Start processing HTTP request POST https://api.frenet.com.br/shipping/quote 
2025-03-28 18:53:02.8295|0|INFO|System.Net.Http.HttpClient.IFreteService.ClientHandler|Sending HTTP request POST https://api.frenet.com.br/shipping/quote 
2025-03-28 18:53:06.8349|0|INFO|System.Net.Http.HttpClient.IFreteService.ClientHandler|Received HTTP response headers after 3995.9496ms - 200 
2025-03-28 18:53:06.8349|0|INFO|System.Net.Http.HttpClient.IFreteService.LogicalHandler|End processing HTTP request after 4009.1261ms - 200 
2025-03-28 18:53:06.8492|0|INFO|FreteManager.Services.FreteService|Frete calculado: Jadlog - Jadlog Package, Valor: 17.31, Prazo: 7 dias 
2025-03-28 18:53:06.8492|0|INFO|FreteManager.Controllers.FreteController|Frete calculado de 37701281 para 01153-000: R$ 17,31 
2025-03-28 18:53:29.0368|0|INFO|System.Net.Http.HttpClient.IFreteService.LogicalHandler|Start processing HTTP request POST https://api.frenet.com.br/shipping/quote 
2025-03-28 18:53:29.0451|0|INFO|System.Net.Http.HttpClient.IFreteService.ClientHandler|Sending HTTP request POST https://api.frenet.com.br/shipping/quote 
2025-03-28 18:53:29.3678|0|INFO|System.Net.Http.HttpClient.IFreteService.ClientHandler|Received HTTP response headers after 321.7716ms - 200 
2025-03-28 18:53:29.3781|0|INFO|System.Net.Http.HttpClient.IFreteService.LogicalHandler|End processing HTTP request after 341.2329ms - 200 
2025-03-28 18:53:29.3781|0|INFO|FreteManager.Services.FreteService|Frete calculado: Jadlog - Jadlog Package, Valor: 18.12, Prazo: 7 dias 
2025-03-28 18:53:29.3781|0|INFO|FreteManager.Controllers.FreteController|Frete calculado de 37701281 para 01153-000: R$ 18,12 
2025-03-28 18:53:46.7901|0|INFO|System.Net.Http.HttpClient.IFreteService.LogicalHandler|Start processing HTTP request POST https://api.frenet.com.br/shipping/quote 
2025-03-28 18:53:46.7901|0|INFO|System.Net.Http.HttpClient.IFreteService.ClientHandler|Sending HTTP request POST https://api.frenet.com.br/shipping/quote 
2025-03-28 18:53:47.1571|0|INFO|System.Net.Http.HttpClient.IFreteService.ClientHandler|Received HTTP response headers after 363.6057ms - 200 
2025-03-28 18:53:47.1571|0|INFO|System.Net.Http.HttpClient.IFreteService.LogicalHandler|End processing HTTP request after 367.3717ms - 200 
2025-03-28 18:53:47.1571|0|INFO|FreteManager.Services.FreteService|Frete calculado: Jadlog - Jadlog Package, Valor: 61.96, Prazo: 7 dias 
2025-03-28 18:53:47.1571|0|INFO|FreteManager.Controllers.FreteController|Frete calculado de 37701281 para 01153-000: R$ 61,96 
2025-03-28 18:53:55.8500|0|INFO|System.Net.Http.HttpClient.IFreteService.LogicalHandler|Start processing HTTP request POST https://api.frenet.com.br/shipping/quote 
2025-03-28 18:53:55.8613|0|INFO|System.Net.Http.HttpClient.IFreteService.ClientHandler|Sending HTTP request POST https://api.frenet.com.br/shipping/quote 
2025-03-28 18:53:56.0193|0|INFO|System.Net.Http.HttpClient.IFreteService.ClientHandler|Received HTTP response headers after 157.2633ms - 200 
2025-03-28 18:53:56.0193|0|INFO|System.Net.Http.HttpClient.IFreteService.LogicalHandler|End processing HTTP request after 170.9153ms - 200 
2025-03-28 18:53:56.0193|0|INFO|FreteManager.Services.FreteService|Frete calculado: Jadlog - Jadlog Package, Valor: 61.96, Prazo: 7 dias 
2025-03-28 18:53:56.0193|0|INFO|FreteManager.Controllers.FreteController|Frete calculado de 37701-281 para 01153-000: R$ 61,96 
